Hello from file write